[backblue.gif]
[fade.gif]
[index.html]
[letsfreecongress.org/static/js/vendor/modernizr-2.6.2-respond-1.1.0.min.js]
[use.typekit.net/zht1thr.js]
[connect.facebook.net/en_GB/all.js]
[ajax.googleapis.com/ajax/libs/jquery/1.8.2/jquery.min.js]
[en.wikipedia.org/wiki/File_Capitol_Building_Full_View.html]
[letsfreecongress.org/static/js/lopsided.js]
[letsfreecongress.org/index.html]
[letsfreecongress.org/static/css/normalize.min.css]
[letsfreecongress.org/static/css/style.css]
[letsfreecongress.org/static/img/grey_wash_wall.png]
[letsfreecongress.org/static/css/lopsided-full.css]
[connect.facebook.net/en_GB/all.js]
[en.wikipedia.org/static/apple-touch/wikipedia.png]
[commons.wikimedia.org/wiki/File_Capitol_Building_Full_View.html]
[upload.wikimedia.org/wikipedia/en/thumb/4/4a/Commons-logo.svg/15px-Commons-logo.svg.png]
[upload.wikimedia.org/wikipedia/en/thumb/e/e7/Cscr-featured.svg/20px-Cscr-featured.svg.png]
[en.wikipedia.org/wiki/Wikipedia_Featured_pictures.html]
[upload.wikimedia.org/wikipedia/commons/2/27/Capitol_Building_Full_View.jpg]
[upload.wikimedia.org/wikipedia/commons/thumb/2/27/Capitol_Building_Full_View.jpg/800px-Capitol_Building_Full_View.jpg]
[upload.wikimedia.org/wikipedia/commons/thumb/2/27/Capitol_Building_Full_View.jpg/320px-Capitol_Building_Full_View.jpg]
[upload.wikimedia.org/wikipedia/commons/thumb/2/27/Capitol_Building_Full_View.jpg/640px-Capitol_Building_Full_View.jpg]
[upload.wikimedia.org/wikipedia/commons/thumb/2/27/Capitol_Building_Full_View.jpg/1024px-Capitol_Building_Full_View.jpg]
[upload.wikimedia.org/wikipedia/commons/thumb/2/27/Capitol_Building_Full_View.jpg/1280px-Capitol_Building_Full_View.jpg]
[upload.wikimedia.org/wikipedia/en/thumb/4/4a/Commons-logo.svg/30px-Commons-logo.svg.png]
[upload.wikimedia.org/wikipedia/en/thumb/e/e7/Cscr-featured.svg/14px-Cscr-featured.svg.png]
[en.wikipedia.org/wiki/File_Cscr-featured.html]
[upload.wikimedia.org/wikipedia/en/thumb/e/e7/Cscr-featured.svg/50px-Cscr-featured.svg.png]
[en.wikipedia.org/wiki/Wikipedia_Featured_picture_candidates.html]
[en.wikipedia.org/wiki/Wikipedia_Featured_picture_candidates/US_Capitol_2.html]
[en.wikipedia.org/wiki/Special_Upload.html]
[en.wikipedia.org/wiki/Wikipedia_File_copyright_tags.html]
[en.wikipedia.org/wiki/Wikipedia_Extended_image_syntax.html]
[en.wikipedia.org/wiki/File_Wikipedia-logo-v2.html]
[upload.wikimedia.org/wikipedia/en/thumb/8/80/Wikipedia-logo-v2.svg/24px-Wikipedia-logo-v2.svg.png]
[en.wikipedia.org/wiki/Wikipedia_Picture_of_the_day.html]
[en.wikipedia.org/wiki/English_Wikipedia.html]
[en.wikipedia.org/wiki/Template_POTD/2007-08-21.html]
[en.wikipedia.org/wiki/United_States_Capitol.html]
[en.wikipedia.org/wiki/seat_of_government]
[en.wikipedia.org/wiki/Seat_of_government.html]
[en.wikipedia.org/wiki/United_States_Congress.html]
[en.wikipedia.org/wiki/legislative_branch]
[en.wikipedia.org/wiki/Legislative_branch.html]
[en.wikipedia.org/wiki/Federal_government_of_the_United_States.html]
[en.wikipedia.org/wiki/Washington,_D.C.html]
[en.wikipedia.org/wiki/Capitol_Hill,_Washington,_D.C.html]
[en.wikipedia.org/wiki/National_Mall.html]
[en.wikipedia.org/wiki/United_States_Capitol_dome.html]
[en.wikipedia.org/wiki/United_States_Capitol_rotunda.html]
[en.wikipedia.org/wiki/Neoclassical_architecture.html]
[en.wikipedia.org/wiki/User_Noclip.html]
[upload.wikimedia.org/wikipedia/commons/thumb/6/62/PD-icon.svg/64px-PD-icon.svg.png]
[en.wikipedia.org/wiki/en_public_domain]
[en.wikipedia.org/wiki/Public_domain.html]
[upload.wikimedia.org/wikipedia/commons/thumb/e/e7/Cscr-featured.svg/40px-Cscr-featured.svg.png]
[upload.wikimedia.org/wikipedia/commons/thumb/4/4a/Commons-logo.svg/30px-Commons-logo.svg.png]
[upload.wikimedia.org/wikipedia/commons/thumb/8/80/Wikipedia-logo-v2.svg/30px-Wikipedia-logo-v2.svg.png]
[commons.wikimedia.org/wiki/Commons_Featured_picture_candidates/Image_Capitol_Building_Full_View.html]
[upload.wikimedia.org/wikipedia/commons/thumb/e/e7/Cscr-featured.svg/15px-Cscr-featured.svg.png]
[upload.wikimedia.org/wikipedia/commons/thumb/0/04/Sound-icon-empty.svg/10px-Sound-icon-empty.svg.png]
[en.wikipedia.org/wiki/de_Wikipedia_Exzellente_Bilder]
[en.wikipedia.org/wiki/de_Wikipedia_Kandidaten_für_exzellente_Bilder/Capitol_Building_Full_View.jpg]
[en.wikipedia.org/wiki/en_Wikipedia_Featured_pictures]
[en.wikipedia.org/wiki/en_Wikipedia_Featured_picture_candidates/US_Capitol_2]
[en.wikipedia.org/wiki/es_Wikipedia_Recursos_destacados]
[en.wikipedia.org/wiki/es_Wikipedia_Candidatos_a_recursos_destacados/Capitol_Building_Full_View.jpg]
[es.wikipedia.org/wiki/Wikipedia_Candidatos_a_recursos_destacados/Capitol_Building_Full_View.html]
[en.wikipedia.org/wiki/fa_ویکی‌پدیا_نگاره‌های_برگزیده]
[en.wikipedia.org/wiki/fa_ویکی‌پدیا_گزیدن_نگاره_برگزیده/Capitol_Building_Full_View.jpg]
[upload.wikimedia.org/wikipedia/commons/thumb/8/8c/Quality_images_logo.svg/64px-Quality_images_logo.svg.png]
[upload.wikimedia.org/wikipedia/commons/archive/2/27/20111216202512!Capitol_Building_Full_View.jpg]
[upload.wikimedia.org/wikipedia/commons/thumb/archive/2/27/20111216202512!Capitol_Building_Full_View.jpg/120px-Capitol_Building_Full_View.jpg]
[en.wikipedia.org/wiki/110th_United_States_Congress.html]
[en.wikipedia.org/wiki/111th_United_States_Congress.html]
[en.wikipedia.org/wiki/United_States.html]
[en.wikipedia.org/wiki/Talk_Indo-Saracenic_Revival_architecture.html]
[en.wikipedia.org/wiki/Talk_Neoclassical_architecture.html]
[en.wikipedia.org/wiki/User_AmateurEditor/list.html]
[en.wikipedia.org/wiki/User_Another_Believer/Travel/United_States.html]
[en.wikipedia.org/wiki/User_F_McGady.html]
[en.wikipedia.org/wiki/User_Eloneliewhy.html]
[en.wikipedia.org/wiki/User_Presidentman/potd/3_July_2009.html]
[en.wikipedia.org/wiki/User_MO's_Nation/sandbox.html]
[en.wikipedia.org/wiki/User_Stephen100002/sandbox.html]
[en.wikipedia.org/wiki/User_TheVirginiaHistorian.html]
[en.wikipedia.org/wiki/User_TheVirginiaHistorian/sandbox.html]
[en.wikipedia.org/wiki/User_talk_Noclip.html]
[en.wikipedia.org/wiki/Wikipedia_Featured_pictures/Places/Architecture.html]
[en.wikipedia.org/wiki/Wikipedia_Featured_picture_candidates/April-2007.html]
[en.wikipedia.org/wiki/Wikipedia_Featured_pictures_thumbs/07.html]
[en.wikipedia.org/wiki/Wikipedia_Picture_of_the_day/August_2007.html]
[en.wikipedia.org/wiki/Wikipedia_Reference_desk/Archives/Miscellaneous/2010_June_9.html]
[en.wikipedia.org/wiki/Wikipedia_Wikipedia_Signpost/2007-04-30/Features_and_admins.html]
[en.wikipedia.org/wiki/Wikipedia_Wikipedia_Signpost/2007-04-30/SPV.html]
[en.wikipedia.org/wiki/Template_POTD_protected/2007-08-21.html]
[en.wikipedia.org/wiki/Portal_National_Register_of_Historic_Places/Portal_picture.html]
[en.wikipedia.org/wiki/Portal_National_Register_of_Historic_Places/Portal_picture/8.html]
[en.wikipedia.org/wiki/Portal_Politics/Featured_picture.html]
[en.wikipedia.org/wiki/Portal_Politics/Featured_picture/5.html]
[de.wikipedia.org/wiki/Datei_Capitol_Building_Full_View.html]
[en.wikipedia.org/wiki/Special_GlobalUsage/Capitol_Building_Full_View.html]
[en.wikipedia.org/wiki/Adobe_Photoshop_7.html]
[en.wikipedia.org/wiki/Color_space.html]
[en.wikipedia.org/wiki/Help_Category.html]
[en.wikipedia.org/wiki/Category_Featured_pictures.html]
[en.wikipedia.org/wiki/Category_Wikipedia_Picture_of_the_day_files.html]
[en.wikipedia.org/wiki/Category_Featured_pictures_of_Washington,_D.C.html]
[en.wikipedia.org/wiki/Special_MyTalk.html]
[en.wikipedia.org/wiki/Special_MyContributions.html]
[en.wikipedia.org/w/index22f5.html]
[en.wikipedia.org/w/index4062.html]
[en.wikipedia.org/wiki/File_talk_Capitol_Building_Full_View.html]
[en.wikipedia.org/wiki/Main_Page.html]
[en.wikipedia.org/wiki/Portal_Contents.html]
[en.wikipedia.org/wiki/Portal_Featured_content.html]
[en.wikipedia.org/wiki/Portal_Current_events.html]
[en.wikipedia.org/wiki/Special_Random]
[en.wikipedia.org/wiki/Ruthenium_boride.html]
[en.wikipedia.org/wiki/Help_Contents.html]
[en.wikipedia.org/wiki/Wikipedia_About.html]
[en.wikipedia.org/wiki/Wikipedia_Community_portal.html]
[en.wikipedia.org/wiki/Special_RecentChanges.html]
[en.wikipedia.org/wiki/Special_WhatLinksHere/File_Capitol_Building_Full_View.html]
[en.wikipedia.org/wiki/File_Capitol_Building_Full_View.html]
[act.unitedrepublic.org/resources/actionkit.js]
[letsfreecongress.org/static/img/Capitol_Building_high.svg]
[letsfreecongress.org/ABCDEFGHIJKLMNOPQRSTUVWXYZabcdefghijklmnopqrstuvwxyz0123456789+/index.html]
[letsfreecongress.org/%s/profile4d6d.html]
[commons.wikimedia.org/wiki/File_Capitol_Building_Full_View.html]
[en.wikipedia.org/wiki/Wikipedia_Featured_pictures.html]
[en.wikipedia.org/wiki/File_Cscr-featured.html]
[en.wikipedia.org/wiki/Wikipedia_Featured_picture_candidates.html]
[en.wikipedia.org/wiki/Wikipedia_Featured_picture_candidates/US_Capitol_2.html]
[en.wikipedia.org/wiki/Special_Upload.html]
[en.wikipedia.org/wiki/Wikipedia_File_copyright_tags.html]
[en.wikipedia.org/wiki/Wikipedia_Extended_image_syntax.html]
[en.wikipedia.org/wiki/File_Wikipedia-logo-v2.html]
[en.wikipedia.org/wiki/Wikipedia_Picture_of_the_day.html]
[en.wikipedia.org/wiki/English_Wikipedia.html]
[en.wikipedia.org/wiki/Template_POTD/2007-08-21.html]
[en.wikipedia.org/wiki/United_States_Capitol.html]
[en.wikipedia.org/wiki/Seat_of_government.html]
[en.wikipedia.org/wiki/Special_RecentChangesLinked/File_Capitol_Building_Full_View.html]
[en.wikipedia.org/wiki/United_States_Congress.html]
[en.wikipedia.org/wiki/Legislative_branch.html]
[en.wikipedia.org/wiki/Federal_government_of_the_United_States.html]
[en.wikipedia.org/wiki/Washington,_D.C.html]
[en.wikipedia.org/wiki/Capitol_Hill,_Washington,_D.C.html]
[en.wikipedia.org/wiki/National_Mall.html]
[en.wikipedia.org/wiki/United_States_Capitol_dome.html]
[en.wikipedia.org/wiki/United_States_Capitol_rotunda.html]
[en.wikipedia.org/wiki/Neoclassical_architecture.html]
[en.wikipedia.org/wiki/User_Noclip.html]
[en.wikipedia.org/wiki/Public_domain.html]
[commons.wikimedia.org/wiki/Commons_Featured_picture_candidates/Image_Capitol_Building_Full_View.html]
[en.wikipedia.org/wiki/de_Wikipedia_Kandidaten_für_exzellente_Bilder/Capitol_Building_Full_View.html]
[es.wikipedia.org/wiki/Wikipedia_Candidatos_a_recursos_destacados/Capitol_Building_Full_View.html]
[en.wikipedia.org/wiki/fa_ویکی‌پدیا_گزیدن_نگاره_برگزیده/Capitol_Building_Full_View.html]
[en.wikipedia.org/wiki/110th_United_States_Congress.html]
[en.wikipedia.org/wiki/111th_United_States_Congress.html]
[en.wikipedia.org/wiki/United_States.html]
[en.wikipedia.org/wiki/Talk_Indo-Saracenic_Revival_architecture.html]
[en.wikipedia.org/wiki/Talk_Neoclassical_architecture.html]
[en.wikipedia.org/wiki/User_AmateurEditor/list.html]
[en.wikipedia.org/wiki/User_Another_Believer/Travel/United_States.html]
[en.wikipedia.org/wiki/User_Eloneliewhy.html]
[en.wikipedia.org/wiki/User_F_McGady.html]
[en.wikipedia.org/wiki/User_MO's_Nation/sandbox.html]
[en.wikipedia.org/wiki/User_Presidentman/potd/3_July_2009.html]
[en.wikipedia.org/wiki/User_Stephen100002/sandbox.html]
[en.wikipedia.org/wiki/User_TheVirginiaHistorian.html]
[en.wikipedia.org/wiki/User_TheVirginiaHistorian/sandbox.html]
[en.wikipedia.org/wiki/User_talk_Noclip.html]
[en.wikipedia.org/wiki/Wikipedia_Featured_picture_candidates/April-2007.html]
[en.wikipedia.org/wiki/Wikipedia_Featured_pictures/Places/Architecture.html]
[en.wikipedia.org/wiki/Wikipedia_Featured_pictures_thumbs/07.html]
[en.wikipedia.org/wiki/Wikipedia_Picture_of_the_day/August_2007.html]
[en.wikipedia.org/wiki/Wikipedia_Reference_desk/Archives/Miscellaneous/2010_June_9.html]
[en.wikipedia.org/wiki/Wikipedia_Wikipedia_Signpost/2007-04-30/Features_and_admins.html]
[en.wikipedia.org/wiki/Wikipedia_Wikipedia_Signpost/2007-04-30/SPV.html]
[en.wikipedia.org/wiki/Template_POTD_protected/2007-08-21.html]
[en.wikipedia.org/wiki/Portal_National_Register_of_Historic_Places/Portal_picture.html]
[en.wikipedia.org/wiki/Portal_National_Register_of_Historic_Places/Portal_picture/8.html]
[en.wikipedia.org/wiki/Portal_Politics/Featured_picture.html]
[en.wikipedia.org/wiki/Portal_Politics/Featured_picture/5.html]
[de.wikipedia.org/wiki/Datei_Capitol_Building_Full_View.html]
[en.wikipedia.org/wiki/Special_GlobalUsage/Capitol_Building_Full_View.html]
[en.wikipedia.org/wiki/Adobe_Photoshop_7.html]
[en.wikipedia.org/wiki/Color_space.html]
[en.wikipedia.org/wiki/Help_Category.html]
[en.wikipedia.org/wiki/Category_Featured_pictures.html]
[en.wikipedia.org/wiki/Category_Wikipedia_Picture_of_the_day_files.html]
[en.wikipedia.org/wiki/Category_Featured_pictures_of_Washington,_D.C.html]
[en.wikipedia.org/wiki/Special_MyTalk.html]
[en.wikipedia.org/wiki/Special_MyContributions.html]
[en.wikipedia.org/w/index22f5.html]
[en.wikipedia.org/w/index4062.html]
[en.wikipedia.org/wiki/File_talk_Capitol_Building_Full_View.html]
[en.wikipedia.org/wiki/Main_Page.html]
[en.wikipedia.org/wiki/Portal_Contents.html]
[en.wikipedia.org/wiki/Portal_Featured_content.html]
[en.wikipedia.org/wiki/Portal_Current_events.html]
[en.wikipedia.org/wiki/Ruthenium_boride.html]
[en.wikipedia.org/wiki/Help_Contents.html]
[en.wikipedia.org/wiki/Wikipedia_About.html]
[en.wikipedia.org/wiki/Wikipedia_Community_portal.html]
[en.wikipedia.org/wiki/Special_RecentChanges.html]
[en.wikipedia.org/wiki/Special_WhatLinksHere/File_Capitol_Building_Full_View.html]
[en.wikipedia.org/wiki/Special_RecentChangesLinked/File_Capitol_Building_Full_View.html]
[upload.wikimedia.org/wikipedia/commons/thumb/2/27/Capitol_Building_Full_View.jpg/120px-Capitol_Building_Full_View.jpg]
